node.exe : FAIL src/__tests__/hooks/useAuth.test.tsx
At C:\Users\pc\AppData\Roaming\npm\npx.ps1:24 char:5
+     & "node$exe"  "$basedir/node_modules/npm/bin/npx-cli.js" $args
+     ~~~~~~~~~~~~~~~~~~~~~~~~~~~~~~~~~~~~~~~~~~~~~~~~~~~~~~~~~~~~~~
    + CategoryInfo          : NotSpecified: (FAIL src/__test...seAuth.test.tsx:String) [], RemoteException
    + FullyQualifiedErrorId : NativeCommandError
 
  ΓùÅ useAuth ΓÇ║ login sauvegarde les tokens dans les cookies

    AxiosError: Request failed with status code 401

    [0m [90m 37 |[39m     [33mCookies[39m[33m.[39m[36mset[39m([32m'access_token'[39m[33m,[39m 
data[33m.[39maccess[33m,[39m { expires[33m:[39m [35m1[39m })
     [90m 38 |[39m     [33mCookies[39m[33m.[39m[36mset[39m([32m'refresh_token'[39m[33m,[39m 
data[33m.[39mrefresh[33m,[39m { expires[33m:[39m [35m7[39m })
    [31m[1m>[22m[39m[90m 39 |[39m     [36mconst[39m me [33m=[39m [36mawait[39m authAPI[33m.[39mme()
     [90m    |[39m                [31m[1m^[22m[39m
     [90m 40 |[39m     setUser(me[33m.[39mdata)
     [90m 41 |[39m   }
     [90m 42 |[39m[0m

      at settle (node_modules/axios/dist/browser/axios.cjs:2563:12)
      at XMLHttpRequestOverride.onloadend (node_modules/axios/dist/browser/axios.cjs:3182:9)
      at XMLHttpRequestOverride.trigger 
(node_modules/@mswjs/interceptors/src/interceptors/XMLHttpRequest/XMLHttpRequestOverride.ts:174:17)
      at node_modules/@mswjs/interceptors/src/interceptors/XMLHttpRequest/XMLHttpRequestOverride.ts:352:16
      at Axios.request (node_modules/axios/dist/browser/axios.cjs:4557:41)
      at Object.login (src/hooks/useAuth.tsx:39:16)
      at src/__tests__/hooks/useAuth.test.tsx:42:7

FAIL src/__tests__/hooks/useVehicles.test.tsx
  ΓùÅ useVehicles ΓÇ║ g├¿re les erreurs r├⌐seau

    TypeError: Cannot read properties of undefined (reading 'get')

    [0m [90m 52 |[39m   it([32m'g├¿re les erreurs r├⌐seau'[39m[33m,[39m [36masync[39m () [33m=>[39m {
     [90m 53 |[39m     server[33m.[39muse(
    [31m[1m>[22m[39m[90m 54 |[39m       http[33m.[39m[36mget[39m([32m`${API_URL}/vehicles/`[39m[33m,[39m () 
[33m=>[39m {
     [90m    |[39m            [31m[1m^[22m[39m
     [90m 55 |[39m         [36mreturn[39m [33mHttpResponse[39m[33m.[39merror()
     [90m 56 |[39m       })
     [90m 57 |[39m     )[0m

      at Object.get (src/__tests__/hooks/useVehicles.test.tsx:54:12)

FAIL src/__tests__/pages/vehicules.test.tsx
  ΓùÅ VehiculesPage ΓÇ║ affiche un message si aucun v├⌐hicule trouv├⌐

    TypeError: Cannot read properties of undefined (reading 'get')

    [0m [90m 53 |[39m   it([32m'affiche un message si aucun v├⌐hicule trouv├⌐'[39m[33m,[39m [36masync[39m () [33m=>[39m {
     [90m 54 |[39m     server[33m.[39muse(
    [31m[1m>[22m[39m[90m 55 |[39m       http[33m.[39m[36mget[39m([32m`${API_URL}/vehicles/`[39m[33m,[39m () 
[33m=>[39m {
     [90m    |[39m            [31m[1m^[22m[39m
     [90m 56 |[39m         [36mreturn[39m [33mHttpResponse[39m[33m.[39mjson({ count[33m:[39m [35m0[39m[33m,[39m 
results[33m:[39m [][33m,[39m next[33m:[39m [36mnull[39m[33m,[39m previous[33m:[39m [36mnull[39m })
     [90m 57 |[39m       })
     [90m 58 |[39m     )[0m

      at Object.get (src/__tests__/pages/vehicules.test.tsx:55:12)

FAIL src/__tests__/components/VehicleCard.test.tsx
  ΓùÅ VehicleCard ΓÇ║ V├⌐hicule ├á vendre (achat) ΓÇ║ affiche l'ann├⌐e

    TestingLibraryElementError: Found multiple elements with the text: 2021

    Here are the matching elements:

    Ignored nodes: comments, script, style
    [36m<p[39m
      [33mclass[39m=[32m"text-gray-500 text-sm mb-3"[39m
    [36m>[39m
      [0m2021[0m
    [36m</p>[39m

    Ignored nodes: comments, script, style
    [36m<span[39m
      [33mclass[39m=[32m"flex items-center gap-1"[39m
    [36m>[39m
      [36m<svg[39m
        [33mclass[39m=[32m"lucide lucide-calendar w-3.5 h-3.5"[39m
        [33mfill[39m=[32m"none"[39m
        [33mheight[39m=[32m"24"[39m
        [33mstroke[39m=[32m"currentColor"[39m
        [33mstroke-linecap[39m=[32m"round"[39m
        [33mstroke-linejoin[39m=[32m"round"[39m
        [33mstroke-width[39m=[32m"2"[39m
        [33mviewBox[39m=[32m"0 0 24 24"[39m
        [33mwidth[39m=[32m"24"[39m
        [33mxmlns[39m=[32m"http://www.w3.org/2000/svg"[39m
      [36m>[39m
        [36m<path[39m
          [33md[39m=[32m"M8 2v4"[39m
        [36m/>[39m
        [36m<path[39m
          [33md[39m=[32m"M16 2v4"[39m
        [36m/>[39m
        [36m<rect[39m
          [33mheight[39m=[32m"18"[39m
          [33mrx[39m=[32m"2"[39m
          [33mwidth[39m=[32m"18"[39m
          [33mx[39m=[32m"3"[39m
          [33my[39m=[32m"4"[39m
        [36m/>[39m
        [36m<path[39m
          [33md[39m=[32m"M3 10h18"[39m
        [36m/>[39m
      [36m</svg>[39m
      [0m [0m
      [0m2021[0m
    [36m</span>[39m

    (If this is intentional, then use the `*AllBy*` variant of the query (like `queryAllByText`, `getAllByText`, or 
`findAllByText`)).

    Ignored nodes: comments, script, style
    [36m<body>[39m
      [36m<div>[39m
        [36m<div[39m
          [33mclass[39m=[32m"card hover:shadow-md transition-shadow group"[39m
        [36m>[39m
          [36m<div[39m
            [33mclass[39m=[32m"relative aspect-video bg-gray-100 overflow-hidden"[39m
          [36m>[39m
            [36m<img[39m
              [33malt[39m=[32m"Renault Clio"[39m
              [33mclass[39m=[32m"w-full h-full object-cover group-hover:scale-105 transition-transform duration-300"[39m
              [33msrc[39m=[32m"https://example.com/clio.jpg"[39m
            [36m/>[39m
            [36m<span[39m
              [33mclass[39m=[32m"badge-achat absolute top-3 left-3"[39m
            [36m>[39m
              [0mAchat[0m
            [36m</span>[39m
          [36m</div>[39m
          [36m<div[39m
            [33mclass[39m=[32m"p-4"[39m
          [36m>[39m
            [36m<h3[39m
              [33mclass[39m=[32m"font-display font-bold text-lg text-gray-900"[39m
            [36m>[39m
              [0mRenault[0m
              [0m [0m
              [0mClio[0m
            [36m</h3>[39m
            [36m<p[39m
              [33mclass[39m=[32m"text-gray-500 text-sm mb-3"[39m
            [36m>[39m
              [0m2021[0m
            [36m</p>[39m
            [36m<div[39m
              [33mclass[39m=[32m"flex gap-4 text-xs text-gray-500 mb-4"[39m
            [36m>[39m
              [36m<span[39m
                [33mclass[39m=[32m"flex items-center gap-1"[39m
              [36m>[39m
                [36m<svg[39m
                  [33mclass[39m=[32m"lucide lucide-gauge w-3.5 h-3.5"[39m
                  [33mfill[39m=[32m"none"[39m
                  [33mheight[39m=[32m"24"[39m
                  [33mstroke[39m=[32m"currentColor"[39m
                  [33mstroke-linecap[39m=[32m"round"[39m
                  [33mstroke-linejoin[39m=[32m"round"[39m
                  [33mstroke-width[39m=[32m"2"[39m
                  [33mviewBox[39m=[32m"0 0 24 24"[39m
                  [33mwidth[39m=[32m"24"[39m
                  [33mxmlns[39m=[32m"http://www.w3.org/2000/svg"[39m
                [36m>[39m
                  [36m<path[39m
                    [33md[39m=[32m"m12 14 4-4"[39m
                  [36m/>[39m
                  [36m<path[39m
                    [33md[39m=[32m"M3.34 19a10 10 0 1 1 17.32 0"[39m
                  [36m/>[39m
                [36m</svg>[39m
                [0m [0m
                [0m34ΓÇ»000[0m
                [0m km[0m
              [36m</span>[39m
              [36m<span[39m
                [33mclass[39m=[32m"flex items-center gap-1"[39m
              [36m>[39m
                [36m<svg[39m
                  [33mclass[39m=[32m"lucide lucide-fuel w-3.5 h-3.5"[39m
                  [33mfill[39m=[32m"none"[39m
                  [33mheight[39m=[32m"24"[39m
                  [33mstroke[39m=[32m"currentColor"[39m
                  [33mstroke-linecap[39m=[32m"round"[39m
                  [33mstroke-linejoin[39m=[32m"round"[39m
                  [33mstroke-width[39m=[32m"2"[39m
                  [33mviewBox[39m=[32m"0 0 24 24"[39m
                  [33mwidth[39m=[32m"24"[39m
                  [33mxmlns[39m=[32m"http://www.w3.org/2000/svg"[39m
                [36m>[39m
                  [36m<line[39m
                    [33mx1[39m=[32m"3"[39m
                    [33mx2[39m=[32m"15"[39m
                    [33my1[39m=[32m"22"[39m
                    [33my2[39m=[32m"22"[39m
                  [36m/>[39m
                  [36m<line[39m
                    [33mx1[39m=[32m"4"[39m
                    [33mx2[39m=[32m"14"[39m
                    [33my1[39m=[32m"9"[39m
                    [33my2[39m=[32m"9"[39m
                  [36m/>[39m
                  [36m<path[39m
                    [33md[39m=[32m"M14 22V4a2 2 0 0 0-2-2H6a2 2 0 0 0-2 2v18"[39m
                  [36m/>[39m
                  [36m<path[39m
                    [33md[39m=[32m"M14 13h2a2 2 0 0 1 2 2v2a2 2 0 0 0 2 2h0a2 2 0 0 0 2-2V9.83a2 2 0 0 0-.59-1.42L18 5"[39m
                  [36m/>[39m
                [36m</svg>[39m
                [0m [0m
                [0messence[0m
              [36m</span>[39m
              [36m<span[39m
                [33mclass[39m=[32m"flex items-center gap-1"[39m
              [36m>[39m
                [36m<svg[39m
                  [33mclass[39m=[32m"lucide lucide-calendar w-3.5 h-3.5"[39m
                  [33mfill[39m=[32m"none"[39m
                  [33mheight[39m=[32m"24"[39m
                  [33mstroke[39m=[32m"currentColor"[39m
                  [33mstroke-linecap[39m=[32m"round"[39m
                  [33mstroke-linejoin[39m=[32m"round"[39m
                  [33mstroke-width[39m=[32m"2"[39m
                  [33mviewBox[39m=[32m"0 0 24 24"[39m
                  [33mwidth[39m=[32m"24"[39m
                  [33mxmlns[39m=[32m"http://www.w3.org/2000/svg"[39m
                [36m>[39m
                  [36m<path[39m
                    [33md[39m=[32m"M8 2v4"[39m
                  [36m/>[39m
                  [36m<path[39m
                    [33md[39m=[32m"M16 2v4"[39m
                  [36m/>[39m
                  [36m<rect[39m
                    [33mheight[39m=[32m"18"[39m
                    [33mrx[39m=[32m"2"[39m
                    [33mwidth[39m=[32m"18"[39m
                    [33mx[39m=[32m"3"[39m
                    [33my[39m=[32m"4"[39m
                  [36m/>[39m
                  [36m<path[39m
                    [33md[39m=[32m"M3 10h18"[39m
                  [36m/>[39m
                [36m</svg>[39m
                [0m [0m
                [0m2021[0m
              [36m</span>[39m
            [36m</div>[39m
            [36m<div[39m
              [33mclass[39m=[32m"flex items-center justify-between"[39m
            [36m>[39m
              [36m<div>[39m
                [36m<p[39m
                  [33mclass[39m=[32m"text-xl font-bold text-blue-800"[39m
                [36m>[39m
                  [0m9990.00[0m
                  [0m Γé¼[0m
                [36m</p>[39m
              [36m</div>[39m
              [36m<a[39m
                [33mhref[39m=[32m"/vehicules/1"[39m
              [36m>[39m
                [0mVoir le d├⌐tail[0m
              [36m</a>[39m
            [36m</div>[39m
          [36m</div>[39m
        [36m</div>[39m
      [36m</div>[39m
    [36m</body>[39m

    [0m [90m 22 |[39m
     [90m 23 |[39m     it([32m'affiche l\'ann├⌐e'[39m[33m,[39m () [33m=>[39m {
    [31m[1m>[22m[39m[90m 24 |[39m       expect(screen[33m.[39mgetByText([32m'2021'[39m))[33m.[39mtoBeInTheDocument()
     [90m    |[39m                     [31m[1m^[22m[39m
     [90m 25 |[39m     })
     [90m 26 |[39m
     [90m 27 |[39m     it([32m'affiche le kilom├⌐trage format├⌐'[39m[33m,[39m () [33m=>[39m {[0m

      at Object.getElementError (node_modules/@testing-library/react/node_modules/@testing-library/dom/dist/config.js:37:19)
      at getElementError (node_modules/@testing-library/react/node_modules/@testing-library/dom/dist/query-helpers.js:20:35)
      at getMultipleElementsFoundError 
(node_modules/@testing-library/react/node_modules/@testing-library/dom/dist/query-helpers.js:23:10)
      at node_modules/@testing-library/react/node_modules/@testing-library/dom/dist/query-helpers.js:55:13
      at node_modules/@testing-library/react/node_modules/@testing-library/dom/dist/query-helpers.js:95:19
      at Object.getByText (src/__tests__/components/VehicleCard.test.tsx:24:21)

  ΓùÅ VehicleCard ΓÇ║ V├⌐hicule ├á vendre (achat) ΓÇ║ affiche le kilom├⌐trage format├⌐

    TestingLibraryElementError: Unable to find an element with the text: /34[.,]000 km/. This could be because the text is broken 
up by multiple elements. In this case, you can provide a function for your text matcher to make your matcher more flexible.

    Ignored nodes: comments, script, style
    [36m<body>[39m
      [36m<div>[39m
        [36m<div[39m
          [33mclass[39m=[32m"card hover:shadow-md transition-shadow group"[39m
        [36m>[39m
          [36m<div[39m
            [33mclass[39m=[32m"relative aspect-video bg-gray-100 overflow-hidden"[39m
          [36m>[39m
            [36m<img[39m
              [33malt[39m=[32m"Renault Clio"[39m
              [33mclass[39m=[32m"w-full h-full object-cover group-hover:scale-105 transition-transform duration-300"[39m
              [33msrc[39m=[32m"https://example.com/clio.jpg"[39m
            [36m/>[39m
            [36m<span[39m
              [33mclass[39m=[32m"badge-achat absolute top-3 left-3"[39m
            [36m>[39m
              [0mAchat[0m
            [36m</span>[39m
          [36m</div>[39m
          [36m<div[39m
            [33mclass[39m=[32m"p-4"[39m
          [36m>[39m
            [36m<h3[39m
              [33mclass[39m=[32m"font-display font-bold text-lg text-gray-900"[39m
            [36m>[39m
              [0mRenault[0m
              [0m [0m
              [0mClio[0m
            [36m</h3>[39m
            [36m<p[39m
              [33mclass[39m=[32m"text-gray-500 text-sm mb-3"[39m
            [36m>[39m
              [0m2021[0m
            [36m</p>[39m
            [36m<div[39m
              [33mclass[39m=[32m"flex gap-4 text-xs text-gray-500 mb-4"[39m
            [36m>[39m
              [36m<span[39m
                [33mclass[39m=[32m"flex items-center gap-1"[39m
              [36m>[39m
                [36m<svg[39m
                  [33mclass[39m=[32m"lucide lucide-gauge w-3.5 h-3.5"[39m
                  [33mfill[39m=[32m"none"[39m
                  [33mheight[39m=[32m"24"[39m
                  [33mstroke[39m=[32m"currentColor"[39m
                  [33mstroke-linecap[39m=[32m"round"[39m
                  [33mstroke-linejoin[39m=[32m"round"[39m
                  [33mstroke-width[39m=[32m"2"[39m
                  [33mviewBox[39m=[32m"0 0 24 24"[39m
                  [33mwidth[39m=[32m"24"[39m
                  [33mxmlns[39m=[32m"http://www.w3.org/2000/svg"[39m
                [36m>[39m
                  [36m<path[39m
                    [33md[39m=[32m"m12 14 4-4"[39m
                  [36m/>[39m
                  [36m<path[39m
                    [33md[39m=[32m"M3.34 19a10 10 0 1 1 17.32 0"[39m
                  [36m/>[39m
                [36m</svg>[39m
                [0m [0m
                [0m34ΓÇ»000[0m
                [0m km[0m
              [36m</span>[39m
              [36m<span[39m
                [33mclass[39m=[32m"flex items-center gap-1"[39m
              [36m>[39m
                [36m<svg[39m
                  [33mclass[39m=[32m"lucide lucide-fuel w-3.5 h-3.5"[39m
                  [33mfill[39m=[32m"none"[39m
                  [33mheight[39m=[32m"24"[39m
                  [33mstroke[39m=[32m"currentColor"[39m
                  [33mstroke-linecap[39m=[32m"round"[39m
                  [33mstroke-linejoin[39m=[32m"round"[39m
                  [33mstroke-width[39m=[32m"2"[39m
                  [33mviewBox[39m=[32m"0 0 24 24"[39m
                  [33mwidth[39m=[32m"24"[39m
                  [33mxmlns[39m=[32m"http://www.w3.org/2000/svg"[39m
                [36m>[39m
                  [36m<line[39m
                    [33mx1[39m=[32m"3"[39m
                    [33mx2[39m=[32m"15"[39m
                    [33my1[39m=[32m"22"[39m
                    [33my2[39m=[32m"22"[39m
                  [36m/>[39m
                  [36m<line[39m
                    [33mx1[39m=[32m"4"[39m
                    [33mx2[39m=[32m"14"[39m
                    [33my1[39m=[32m"9"[39m
                    [33my2[39m=[32m"9"[39m
                  [36m/>[39m
                  [36m<path[39m
                    [33md[39m=[32m"M14 22V4a2 2 0 0 0-2-2H6a2 2 0 0 0-2 2v18"[39m
                  [36m/>[39m
                  [36m<path[39m
                    [33md[39m=[32m"M14 13h2a2 2 0 0 1 2 2v2a2 2 0 0 0 2 2h0a2 2 0 0 0 2-2V9.83a2 2 0 0 0-.59-1.42L18 5"[39m
                  [36m/>[39m
                [36m</svg>[39m
                [0m [0m
                [0messence[0m
              [36m</span>[39m
              [36m<span[39m
                [33mclass[39m=[32m"flex items-center gap-1"[39m
              [36m>[39m
                [36m<svg[39m
                  [33mclass[39m=[32m"lucide lucide-calendar w-3.5 h-3.5"[39m
                  [33mfill[39m=[32m"none"[39m
                  [33mheight[39m=[32m"24"[39m
                  [33mstroke[39m=[32m"currentColor"[39m
                  [33mstroke-linecap[39m=[32m"round"[39m
                  [33mstroke-linejoin[39m=[32m"round"[39m
                  [33mstroke-width[39m=[32m"2"[39m
                  [33mviewBox[39m=[32m"0 0 24 24"[39m
                  [33mwidth[39m=[32m"24"[39m
                  [33mxmlns[39m=[32m"http://www.w3.org/2000/svg"[39m
                [36m>[39m
                  [36m<path[39m
                    [33md[39m=[32m"M8 2v4"[39m
                  [36m/>[39m
                  [36m<path[39m
                    [33md[39m=[32m"M16 2v4"[39m
                  [36m/>[39m
                  [36m<rect[39m
                    [33mheight[39m=[32m"18"[39m
                    [33mrx[39m=[32m"2"[39m
                    [33mwidth[39m=[32m"18"[39m
                    [33mx[39m=[32m"3"[39m
                    [33my[39m=[32m"4"[39m
                  [36m/>[39m
                  [36m<path[39m
                    [33md[39m=[32m"M3 10h18"[39m
                  [36m/>[39m
                [36m</svg>[39m
                [0m [0m
                [0m2021[0m
              [36m</span>[39m
            [36m</div>[39m
            [36m<div[39m
              [33mclass[39m=[32m"flex items-center justify-between"[39m
            [36m>[39m
              [36m<div>[39m
                [36m<p[39m
                  [33mclass[39m=[32m"text-xl font-bold text-blue-800"[39m
                [36m>[39m
                  [0m9990.00[0m
                  [0m Γé¼[0m
                [36m</p>[39m
              [36m</div>[39m
              [36m<a[39m
                [33mhref[39m=[32m"/vehicules/1"[39m
              [36m>[39m
                [0mVoir le d├⌐tail[0m
              [36m</a>[39m
            [36m</div>[39m
          [36m</div>[39m
        [36m</div>[39m
      [36m</div>[39m
    [36m</body>[39m

    [0m [90m 26 |[39m
     [90m 27 |[39m     it([32m'affiche le kilom├⌐trage format├⌐'[39m[33m,[39m () [33m=>[39m {
    [31m[1m>[22m[39m[90m 28 |[39m       expect(screen[33m.[39mgetByText([35m/34[.,]000 
km/[39m))[33m.[39mtoBeInTheDocument()
     [90m    |[39m                     [31m[1m^[22m[39m
     [90m 29 |[39m     })
     [90m 30 |[39m
     [90m 31 |[39m     it([32m'affiche le prix en euros'[39m[33m,[39m () [33m=>[39m {[0m

      at Object.getElementError (node_modules/@testing-library/react/node_modules/@testing-library/dom/dist/config.js:37:19)
      at node_modules/@testing-library/react/node_modules/@testing-library/dom/dist/query-helpers.js:76:38
      at node_modules/@testing-library/react/node_modules/@testing-library/dom/dist/query-helpers.js:52:17
      at node_modules/@testing-library/react/node_modules/@testing-library/dom/dist/query-helpers.js:95:19
      at Object.getByText (src/__tests__/components/VehicleCard.test.tsx:28:21)

  ΓùÅ VehicleCard ΓÇ║ V├⌐hicule ├á vendre (achat) ΓÇ║ affiche le prix en euros

    TestingLibraryElementError: Unable to find an element with the text: /9[.,]990/. This could be because the text is broken up by 
multiple elements. In this case, you can provide a function for your text matcher to make your matcher more flexible.

    Ignored nodes: comments, script, style
    [36m<body>[39m
      [36m<div>[39m
        [36m<div[39m
          [33mclass[39m=[32m"card hover:shadow-md transition-shadow group"[39m
        [36m>[39m
          [36m<div[39m
            [33mclass[39m=[32m"relative aspect-video bg-gray-100 overflow-hidden"[39m
          [36m>[39m
            [36m<img[39m
              [33malt[39m=[32m"Renault Clio"[39m
              [33mclass[39m=[32m"w-full h-full object-cover group-hover:scale-105 transition-transform duration-300"[39m
              [33msrc[39m=[32m"https://example.com/clio.jpg"[39m
            [36m/>[39m
            [36m<span[39m
              [33mclass[39m=[32m"badge-achat absolute top-3 left-3"[39m
            [36m>[39m
              [0mAchat[0m
            [36m</span>[39m
          [36m</div>[39m
          [36m<div[39m
            [33mclass[39m=[32m"p-4"[39m
          [36m>[39m
            [36m<h3[39m
              [33mclass[39m=[32m"font-display font-bold text-lg text-gray-900"[39m
            [36m>[39m
              [0mRenault[0m
              [0m [0m
              [0mClio[0m
            [36m</h3>[39m
            [36m<p[39m
              [33mclass[39m=[32m"text-gray-500 text-sm mb-3"[39m
            [36m>[39m
              [0m2021[0m
            [36m</p>[39m
            [36m<div[39m
              [33mclass[39m=[32m"flex gap-4 text-xs text-gray-500 mb-4"[39m
            [36m>[39m
              [36m<span[39m
                [33mclass[39m=[32m"flex items-center gap-1"[39m
              [36m>[39m
                [36m<svg[39m
                  [33mclass[39m=[32m"lucide lucide-gauge w-3.5 h-3.5"[39m
                  [33mfill[39m=[32m"none"[39m
                  [33mheight[39m=[32m"24"[39m
                  [33mstroke[39m=[32m"currentColor"[39m
                  [33mstroke-linecap[39m=[32m"round"[39m
                  [33mstroke-linejoin[39m=[32m"round"[39m
                  [33mstroke-width[39m=[32m"2"[39m
                  [33mviewBox[39m=[32m"0 0 24 24"[39m
                  [33mwidth[39m=[32m"24"[39m
                  [33mxmlns[39m=[32m"http://www.w3.org/2000/svg"[39m
                [36m>[39m
                  [36m<path[39m
                    [33md[39m=[32m"m12 14 4-4"[39m
                  [36m/>[39m
                  [36m<path[39m
                    [33md[39m=[32m"M3.34 19a10 10 0 1 1 17.32 0"[39m
                  [36m/>[39m
                [36m</svg>[39m
                [0m [0m
                [0m34ΓÇ»000[0m
                [0m km[0m
              [36m</span>[39m
              [36m<span[39m
                [33mclass[39m=[32m"flex items-center gap-1"[39m
              [36m>[39m
                [36m<svg[39m
                  [33mclass[39m=[32m"lucide lucide-fuel w-3.5 h-3.5"[39m
                  [33mfill[39m=[32m"none"[39m
                  [33mheight[39m=[32m"24"[39m
                  [33mstroke[39m=[32m"currentColor"[39m
                  [33mstroke-linecap[39m=[32m"round"[39m
                  [33mstroke-linejoin[39m=[32m"round"[39m
                  [33mstroke-width[39m=[32m"2"[39m
                  [33mviewBox[39m=[32m"0 0 24 24"[39m
                  [33mwidth[39m=[32m"24"[39m
                  [33mxmlns[39m=[32m"http://www.w3.org/2000/svg"[39m
                [36m>[39m
                  [36m<line[39m
                    [33mx1[39m=[32m"3"[39m
                    [33mx2[39m=[32m"15"[39m
                    [33my1[39m=[32m"22"[39m
                    [33my2[39m=[32m"22"[39m
                  [36m/>[39m
                  [36m<line[39m
                    [33mx1[39m=[32m"4"[39m
                    [33mx2[39m=[32m"14"[39m
                    [33my1[39m=[32m"9"[39m
                    [33my2[39m=[32m"9"[39m
                  [36m/>[39m
                  [36m<path[39m
                    [33md[39m=[32m"M14 22V4a2 2 0 0 0-2-2H6a2 2 0 0 0-2 2v18"[39m
                  [36m/>[39m
                  [36m<path[39m
                    [33md[39m=[32m"M14 13h2a2 2 0 0 1 2 2v2a2 2 0 0 0 2 2h0a2 2 0 0 0 2-2V9.83a2 2 0 0 0-.59-1.42L18 5"[39m
                  [36m/>[39m
                [36m</svg>[39m
                [0m [0m
                [0messence[0m
              [36m</span>[39m
              [36m<span[39m
                [33mclass[39m=[32m"flex items-center gap-1"[39m
              [36m>[39m
                [36m<svg[39m
                  [33mclass[39m=[32m"lucide lucide-calendar w-3.5 h-3.5"[39m
                  [33mfill[39m=[32m"none"[39m
                  [33mheight[39m=[32m"24"[39m
                  [33mstroke[39m=[32m"currentColor"[39m
                  [33mstroke-linecap[39m=[32m"round"[39m
                  [33mstroke-linejoin[39m=[32m"round"[39m
                  [33mstroke-width[39m=[32m"2"[39m
                  [33mviewBox[39m=[32m"0 0 24 24"[39m
                  [33mwidth[39m=[32m"24"[39m
                  [33mxmlns[39m=[32m"http://www.w3.org/2000/svg"[39m
                [36m>[39m
                  [36m<path[39m
                    [33md[39m=[32m"M8 2v4"[39m
                  [36m/>[39m
                  [36m<path[39m
                    [33md[39m=[32m"M16 2v4"[39m
                  [36m/>[39m
                  [36m<rect[39m
                    [33mheight[39m=[32m"18"[39m
                    [33mrx[39m=[32m"2"[39m
                    [33mwidth[39m=[32m"18"[39m
                    [33mx[39m=[32m"3"[39m
                    [33my[39m=[32m"4"[39m
                  [36m/>[39m
                  [36m<path[39m
                    [33md[39m=[32m"M3 10h18"[39m
                  [36m/>[39m
                [36m</svg>[39m
                [0m [0m
                [0m2021[0m
              [36m</span>[39m
            [36m</div>[39m
            [36m<div[39m
              [33mclass[39m=[32m"flex items-center justify-between"[39m
            [36m>[39m
              [36m<div>[39m
                [36m<p[39m
                  [33mclass[39m=[32m"text-xl font-bold text-blue-800"[39m
                [36m>[39m
                  [0m9990.00[0m
                  [0m Γé¼[0m
                [36m</p>[39m
              [36m</div>[39m
              [36m<a[39m
                [33mhref[39m=[32m"/vehicules/1"[39m
              [36m>[39m
                [0mVoir le d├⌐tail[0m
              [36m</a>[39m
            [36m</div>[39m
          [36m</div>[39m
        [36m</div>[39m
      [36m</div>[39m
    [36m</body>[39m

    [0m [90m 30 |[39m
     [90m 31 |[39m     it([32m'affiche le prix en euros'[39m[33m,[39m () [33m=>[39m {
    [31m[1m>[22m[39m[90m 32 |[39m       expect(screen[33m.[39mgetByText([35m/9[.,]990/[39m))[33m.[39mtoBeInTheDocument()
     [90m    |[39m                     [31m[1m^[22m[39m
     [90m 33 |[39m     })
     [90m 34 |[39m
     [90m 35 |[39m     it([32m'affiche le badge Achat'[39m[33m,[39m () [33m=>[39m {[0m

      at Object.getElementError (node_modules/@testing-library/react/node_modules/@testing-library/dom/dist/config.js:37:19)
      at node_modules/@testing-library/react/node_modules/@testing-library/dom/dist/query-helpers.js:76:38
      at node_modules/@testing-library/react/node_modules/@testing-library/dom/dist/query-helpers.js:52:17
      at node_modules/@testing-library/react/node_modules/@testing-library/dom/dist/query-helpers.js:95:19
      at Object.getByText (src/__tests__/components/VehicleCard.test.tsx:32:21)

FAIL src/__tests__/pages/dossiers.test.tsx
  ΓùÅ DossiersPage ΓÇ║ Utilisateur connect├⌐ ΓÇ║ affiche un message si aucun dossier

    TypeError: Cannot read properties of undefined (reading 'get')

    [0m [90m 72 |[39m     it([32m'affiche un message si aucun dossier'[39m[33m,[39m [36masync[39m () [33m=>[39m {
     [90m 73 |[39m       server[33m.[39muse(
    [31m[1m>[22m[39m[90m 74 |[39m         http[33m.[39m[36mget[39m([32m`${API_URL}/dossiers/`[39m[33m,[39m () 
[33m=>[39m {
     [90m    |[39m              [31m[1m^[22m[39m
     [90m 75 |[39m           [36mreturn[39m [33mHttpResponse[39m[33m.[39mjson({ count[33m:[39m [35m0[39m[33m,[39m 
results[33m:[39m [][33m,[39m next[33m:[39m [36mnull[39m[33m,[39m previous[33m:[39m [36mnull[39m })
     [90m 76 |[39m         })
     [90m 77 |[39m       )[0m

      at Object.get (src/__tests__/pages/dossiers.test.tsx:74:14)

FAIL src/__tests__/pages/login.test.tsx
  ΓùÅ LoginPage ΓÇ║ d├⌐sactive le bouton pendant le chargement

    TestingLibraryElementError: Unable to find an accessible element with the role "button" and name `/connexion\.\.\./i`

    Here are the accessible roles:

      link:

      Name "M-Motors":
      [36m<a[39m
        [33mhref[39m=[32m"/"[39m
      [36m/>[39m

      Name "Cr├⌐er un compte":
      [36m<a[39m
        [33mhref[39m=[32m"/register"[39m
      [36m/>[39m

      --------------------------------------------------
      heading:

      Name "Connexion":
      [36m<h1[39m
        [33mclass[39m=[32m"font-display text-2xl font-bold mt-6 mb-1"[39m
      [36m/>[39m

      --------------------------------------------------
      textbox:

      Name "":
      [36m<input[39m
        [33mclass[39m=[32m"input-field"[39m
        [33mplaceholder[39m=[32m"vous@email.com"[39m
        [33mrequired[39m=[32m""[39m
        [33mtype[39m=[32m"email"[39m
        [33mvalue[39m=[32m"client@test.fr"[39m
      [36m/>[39m

      --------------------------------------------------
      button:

      Name "Se connecter":
      [36m<button[39m
        [33mclass[39m=[32m"btn-primary w-full"[39m
        [33mtype[39m=[32m"submit"[39m
      [36m/>[39m

      --------------------------------------------------

    Ignored nodes: comments, script, style
    [36m<body>[39m
      [36m<div>[39m
        [36m<div[39m
          [33mclass[39m=[32m"min-h-screen bg-gray-50 flex items-center justify-center px-4"[39m
        [36m>[39m
          [36m<div[39m
            [33mclass[39m=[32m"w-full max-w-md"[39m
          [36m>[39m
            [36m<div[39m
              [33mclass[39m=[32m"text-center mb-8"[39m
            [36m>[39m
              [36m<a[39m
                [33mhref[39m=[32m"/"[39m
              [36m>[39m
                [36m<svg[39m
                  [33mclass[39m=[32m"lucide lucide-car w-7 h-7 text-red-500"[39m
                  [33mfill[39m=[32m"none"[39m
                  [33mheight[39m=[32m"24"[39m
                  [33mstroke[39m=[32m"currentColor"[39m
                  [33mstroke-linecap[39m=[32m"round"[39m
                  [33mstroke-linejoin[39m=[32m"round"[39m
                  [33mstroke-width[39m=[32m"2"[39m
                  [33mviewBox[39m=[32m"0 0 24 24"[39m
                  [33mwidth[39m=[32m"24"[39m
                  [33mxmlns[39m=[32m"http://www.w3.org/2000/svg"[39m
                [36m>[39m
                  [36m<path[39m
                    [33md[39m=[32m"M19 17h2c.6 0 1-.4 1-1v-3c0-.9-.7-1.7-1.5-1.9C18.7 10.6 16 10 16 
10s-1.3-1.4-2.2-2.3c-.5-.4-1.1-.7-1.8-.7H5c-.6 0-1.1.4-1.4.9l-1.4 2.9A3.7 3.7 0 0 0 2 12v4c0 .6.4 1 1 1h2"[39m
                  [36m/>[39m
                  [36m<circle[39m
                    [33mcx[39m=[32m"7"[39m
                    [33mcy[39m=[32m"17"[39m
                    [33mr[39m=[32m"2"[39m
                  [36m/>[39m
                  [36m<path[39m
                    [33md[39m=[32m"M9 17h6"[39m
                  [36m/>[39m
                  [36m<circle[39m
                    [33mcx[39m=[32m"17"[39m
                    [33mcy[39m=[32m"17"[39m
                    [33mr[39m=[32m"2"[39m
                  [36m/>[39m
                [36m</svg>[39m
                [0m M-Motors[0m
              [36m</a>[39m
              [36m<h1[39m
                [33mclass[39m=[32m"font-display text-2xl font-bold mt-6 mb-1"[39m
              [36m>[39m
                [0mConnexion[0m
              [36m</h1>[39m
              [36m<p[39m
                [33mclass[39m=[32m"text-gray-500 text-sm"[39m
              [36m>[39m
                [0mAcc├⌐dez ├á votre espace client[0m
              [36m</p>[39m
            [36m</div>[39m
            [36m<div[39m
              [33mclass[39m=[32m"card p-8"[39m
            [36m>[39m
              [36m<form[39m
                [33mclass[39m=[32m"space-y-5"[39m
              [36m>[39m
                [36m<p[39m
                  [33mclass[39m=[32m"bg-red-50 text-red-600 text-sm p-3 rounded-lg"[39m
                [36m>[39m
                  [0mEmail ou mot de passe incorrect.[0m
                [36m</p>[39m
                [36m<div>[39m
                  [36m<label[39m
                    [33mclass[39m=[32m"block text-sm font-medium mb-1"[39m
                  [36m>[39m
                    [0mEmail[0m
                  [36m</label>[39m
                  [36m<input[39m
                    [33mclass[39m=[32m"input-field"[39m
                    [33mplaceholder[39m=[32m"vous@email.com"[39m
                    [33mrequired[39m=[32m""[39m
                    [33mtype[39m=[32m"email"[39m
                    [33mvalue[39m=[32m"client@test.fr"[39m
                  [36m/>[39m
                [36m</div>[39m
                [36m<div>[39m
                  [36m<label[39m
                    [33mclass[39m=[32m"block text-sm font-medium mb-1"[39m
                  [36m>[39m
                    [0mMot de passe[0m
                  [36m</label>[39m
                  [36m<input[39m
                    [33mclass[39m=[32m"input-field"[39m
                    [33mplaceholder[39m=[32m"ΓÇóΓÇóΓÇóΓÇóΓÇóΓÇóΓÇóΓÇó"[39m
                    [33mrequired[39m=[32m""[39m
                    [33mtype[39m=[32m"password"[39m
                    [33mvalue[39m=[32m"Pass123!"[39m
                  [36m/>[39m
                [36m</div>[39m
                [36m<button[39m
                  [33mclass[39m=[32m"btn-primary w-full"[39m
                  [33mtype[39m=[32m"submit"[39m
                [36m>[39m
                  [0mSe connecter[0m
                [36m</button>[39m
              [36m</form>[39m
              [36m<p[39m
                [33mclass[39m=[32m"text-center text-sm text-gray-500 mt-6"[39m
              [36m>[39m
                [0mPas encore de compte ?[0m
                [0m [0m
                [36m<a[39m
                  [33mhref[39m=[32m"/register"[39m
                [36m>[39m
                  [0mCr├⌐er un compte[0m
                [36m</a>[39m
              [36m</p>[39m
            [36m</div>[39m
          [36m</div>[39m
        [36m</div>[39m
      [36m</div>[39m
    [36m</body>[39m

    [0m [90m 76 |[39m       fireEvent[33m.[39mclick(screen[33m.[39mgetByRole([32m'button'[39m[33m,[39m { name[33m:[39m 
[35m/se connecter/i[39m }))
     [90m 77 |[39m     })
    [31m[1m>[22m[39m[90m 78 |[39m     expect(screen[33m.[39mgetByRole([32m'button'[39m[33m,[39m { name[33m:[39m 
[35m/connexion\.\.\./i[39m }))[33m.[39mtoBeDisabled()
     [90m    |[39m                   [31m[1m^[22m[39m
     [90m 79 |[39m   })
     [90m 80 |[39m })[0m

      at Object.getElementError (node_modules/@testing-library/react/node_modules/@testing-library/dom/dist/config.js:37:19)
      at node_modules/@testing-library/react/node_modules/@testing-library/dom/dist/query-helpers.js:76:38
      at node_modules/@testing-library/react/node_modules/@testing-library/dom/dist/query-helpers.js:52:17
      at node_modules/@testing-library/react/node_modules/@testing-library/dom/dist/query-helpers.js:95:19
      at Object.getByRole (src/__tests__/pages/login.test.tsx:78:19)

PASS src/__tests__/components/StatusBadge.test.tsx
PASS src/__tests__/components/Navbar.test.tsx

Test Suites: 6 failed, 2 passed, 8 total
Tests:       8 failed, 60 passed, 68 total
Snapshots:   0 total
Time:        8.174 s
Ran all test suites.
Force exiting Jest: Have you considered using `--detectOpenHandles` to detect async operations that kept running after all tests 
finished?
